PyNaCl is not installed, voice will NOT be supported
davey is not installed, voice will NOT be supported
logging in using static token
logging in using static token
Privileged message content intent is missing, commands may not work as expected.
Shard ID None has connected to Gateway (Session ID: ae37d5428e6a587f9b1015cd27dcf328).
Shard ID None has connected to Gateway (Session ID: 947ee372044228c767b0b16ded6ecc4e).
PyNaCl is not installed, voice will NOT be supported
davey is not installed, voice will NOT be supported
logging in using static token
logging in using static token
Privileged message content intent is missing, commands may not work as expected.
Shard ID None has connected to Gateway (Session ID: 168134660ca647609d9675725d6320b7).
Shard ID None has connected to Gateway (Session ID: fafa68d36af964ee032392711f500597).
PyNaCl is not installed, voice will NOT be supported
davey is not installed, voice will NOT be supported
logging in using static token
logging in using static token
Privileged message content intent is missing, commands may not work as expected.
Shard ID None has connected to Gateway (Session ID: 763b0cad25de707c3cd0cc32c2f4e389).
Shard ID None has connected to Gateway (Session ID: a46fbc4d08b1d816ae1df24a4f2b8512).
PyNaCl is not installed, voice will NOT be supported
davey is not installed, voice will NOT be supported
logging in using static token
logging in using static token
Privileged message content intent is missing, commands may not work as expected.
Synced 0 app commands to guild 1537859117719232512
Appeals bot synced 1 global commands
Shard ID None has connected to Gateway (Session ID: f3f3090097532af31d93e442f3b79217).
Shard ID None has connected to Gateway (Session ID: 129b681c8d9a0cc0867e6ee512527315).
PyNaCl is not installed, voice will NOT be supported
davey is not installed, voice will NOT be supported
logging in using static token
logging in using static token
Privileged message content intent is missing, commands may not work as expected.
Appeals bot synced 1 global commands
Synced 0 app commands to guild 1537859117719232512
Main bot user: masecodes.dev (id=1537871114296885268) application_id=1537871114296885268
Shard ID None has connected to Gateway (Session ID: 88f9ab20e86f058d2b55f7037a529e51).
Shard ID None has connected to Gateway (Session ID: 2bb7a31ecf2d198c4d84bdbbf4b295c0).
PyNaCl is not installed, voice will NOT be supported
davey is not installed, voice will NOT be supported
logging in using static token
logging in using static token
Privileged message content intent is missing, commands may not work as expected.
Local command tree size before sync: 13
Appeals bot synced 1 global commands
Synced 0 app commands to guild 1537859117719232512
Main bot user: masecodes.dev (id=1537871114296885268) application_id=1537871114296885268
Shard ID None has connected to Gateway (Session ID: 78f59f89a44794d2786e7cd21d043d70).
Shard ID None has connected to Gateway (Session ID: 7b54ea879be41aab67bfcfbd92526dc7).
PyNaCl is not installed, voice will NOT be supported
davey is not installed, voice will NOT be supported
logging in using static token
logging in using static token
Privileged message content intent is missing, commands may not work as expected.
Local command tree size before sync: 13
Synced 0 app commands to guild 1537859117719232512
Main bot user: masecodes.dev (id=1537871114296885268) application_id=1537871114296885268
Guild id 1537859117719232512 not found in cache; bot may not be in that guild
Appeals bot synced 1 global commands
Shard ID None has connected to Gateway (Session ID: 04b931d42fa2ec596c8619be3e9e358d).
Shard ID None has connected to Gateway (Session ID: 708b7ce9f0b68b1350deed8bc750f9f6).
PyNaCl is not installed, voice will NOT be supported
davey is not installed, voice will NOT be supported
PyNaCl is not installed, voice will NOT be supported
davey is not installed, voice will NOT be supported
logging in using static token
logging in using static token
Privileged message content intent is missing, commands may not work as expected.
Local command tree size before sync: 13
Appeals bot synced 1 global commands
Synced 0 app commands to guild 1537859117719232512
Main bot user: masecodes.dev (id=1537871114296885268) application_id=1537871114296885268
Guild id 1537859117719232512 not found in cache; bot may not be in that guild
Shard ID None has connected to Gateway (Session ID: 126316370b2b3d64ee2f0471d60edad7).
Shard ID None has connected to Gateway (Session ID: 628721ab390c539b41d8d61e87271b99).
